// Jest Snapshot v1, https://goo.gl/fbAQLP

exports[`QuizCreator component should render QuizCreator with props 1`] = `
<div
  className="QuizCreator"
>
  <div>
    <h1>
      Создание теста
    </h1>
    <form
      onSubmit={[Function]}
    >
      <Auxiliary
        key="question0"
      >
        <Input
          errorMessage="Вопрос не может быть пустым"
          label="Введите вопрос"
          onChange={[Function]}
          shouldValidate={true}
          touched={false}
          valid={false}
          value=""
        />
        <hr />
      </Auxiliary>
      <Auxiliary
        key="option11"
      >
        <Input
          errorMessage="Значение не может быть пустым"
          label="Вариант 1"
          onChange={[Function]}
          shouldValidate={true}
          touched={false}
          valid={false}
          value=""
        />
      </Auxiliary>
      <Auxiliary
        key="option22"
      >
        <Input
          errorMessage="Значение не может быть пустым"
          label="Вариант 2"
          onChange={[Function]}
          shouldValidate={true}
          touched={false}
          valid={false}
          value=""
        />
      </Auxiliary>
      <Auxiliary
        key="option33"
      >
        <Input
          errorMessage="Значение не может быть пустым"
          label="Вариант 3"
          onChange={[Function]}
          shouldValidate={true}
          touched={false}
          valid={false}
          value=""
        />
      </Auxiliary>
      <Auxiliary
        key="option44"
      >
        <Input
          errorMessage="Значение не может быть пустым"
          label="Вариант 4"
          onChange={[Function]}
          shouldValidate={true}
          touched={false}
          valid={false}
          value=""
        />
      </Auxiliary>
      <Select
        label="Выберите правильный ответ"
        onChange={[Function]}
        options={
          Array [
            Object {
              "text": "1",
              "value": 1,
            },
            Object {
              "text": "2",
              "value": 2,
            },
            Object {
              "text": "3",
              "value": 3,
            },
            Object {
              "text": "4",
              "value": 4,
            },
          ]
        }
        value={1}
      />
      <Button
        disabled={true}
        onClick={[Function]}
        type="primary"
      >
        Добавить вопрос
      </Button>
      <Button
        disabled={false}
        onClick={[Function]}
        type="success"
      >
        Создать тест
      </Button>
    </form>
  </div>
</div>
`;
