// Jest Snapshot v1, https://goo.gl/fbAQLP

exports[`Logout component should render Logout without props 1`] = `
<Redirect
  to="/"
/>
`;
