// Jest Snapshot v1, https://goo.gl/fbAQLP

exports[`AnswerItem component should render AnswerItem 1`] = `""`;
