// Jest Snapshot v1, https://goo.gl/fbAQLP

exports[`FinishedQuiz component should render FinishedQuiz 1`] = `
<div
  className="FinishedQuiz"
>
  <ul>
    <li
      key="0"
    >
      <strong>
        1
        .
      </strong>
       
      question
      <FontAwesomeIcon
        border={false}
        className="icon success"
        fixedWidth={false}
        flip={null}
        icon={
          Object {
            "icon": Array [
              512,
              512,
              Array [],
              "f00c",
              "M173.898 439.404l-166.4-166.4c-9.997-9.997-9.997-26.206 0-36.204l36.203-36.204c9.997-9.998 26.207-9.998 36.204 0L192 312.69 432.095 72.596c9.997-9.997 26.207-9.997 36.204 0l36.203 36.204c9.997 9.997 9.997 26.206 0 36.204l-294.4 294.401c-9.998 9.997-26.207 9.997-36.204-.001z",
            ],
            "iconName": "check",
            "prefix": "fas",
          }
        }
        inverse={false}
        listItem={false}
        mask={null}
        pull={null}
        pulse={false}
        rotation={null}
        size={null}
        spin={false}
        swapOpacity={false}
        symbol={false}
        title=""
        transform={null}
      />
    </li>
    <li
      key="1"
    >
      <strong>
        2
        .
      </strong>
       
      question2
      <FontAwesomeIcon
        border={false}
        className="icon error"
        fixedWidth={false}
        flip={null}
        icon={
          Object {
            "icon": Array [
              352,
              512,
              Array [],
              "f00d",
              "M242.72 256l100.07-100.07c12.28-12.28 12.28-32.19 0-44.48l-22.24-22.24c-12.28-12.28-32.19-12.28-44.48 0L176 189.28 75.93 89.21c-12.28-12.28-32.19-12.28-44.48 0L9.21 111.45c-12.28 12.28-12.28 32.19 0 44.48L109.28 256 9.21 356.07c-12.28 12.28-12.28 32.19 0 44.48l22.24 22.24c12.28 12.28 32.2 12.28 44.48 0L176 322.72l100.07 100.07c12.28 12.28 32.2 12.28 44.48 0l22.24-22.24c12.28-12.28 12.28-32.19 0-44.48L242.72 256z",
            ],
            "iconName": "times",
            "prefix": "fas",
          }
        }
        inverse={false}
        listItem={false}
        mask={null}
        pull={null}
        pulse={false}
        rotation={null}
        size={null}
        spin={false}
        swapOpacity={false}
        symbol={false}
        title=""
        transform={null}
      />
    </li>
  </ul>
  <p>
    Правильно 
    1
     из 
    2
  </p>
  <div>
    <Button
      type="primary"
    >
      Повторить
    </Button>
    <Link
      to="/"
    >
      <Button
        type="success"
      >
        Перейти в список тестов 
      </Button>
    </Link>
  </div>
</div>
`;
